
[1m[30m[46m RUN [49m[39m[22m [36mv4.1.4 [39m[90mC:/GITHUB/parque-dos-eucaliptos - Copia[39m

[90mstdout[2m | components/ClassificadosView.test.tsx
[22m[39mÔùç injected env (5) from .env.test // tip: Ôîÿ suppress logs { quiet: true }

node.exe : [90mstderr[2m | components/ClassificadosView.test.tsx[2m > [22m[2mClassificadosView[2m > 
[22m[2mpermite criar um novo an├║ncio
No linha:1 caractere:1
+ & "C:\Program Files\nodejs/node.exe" "C:\Program Files\nodejs/node_mo ...
+ ~~~~~~~~~~~~~~~~~~~~~~~~~~~~~~~~~~~~~~~~~~~~~~~~~~~~~~~~~~~~~~~~~~~~~
    + CategoryInfo          : NotSpecified: ([90mstderr[2m...m novo an├║ncio:String) [], RemoteException
    + FullyQualifiedErrorId : NativeCommandError
 
[22m[39mAn update to ClassificadosView inside a test was not wrapped in act(...).

When testing, code that causes React state updates should be wrapped into act(...):

act(() => {
  /* fire events that update state */
});
/* assert on the output */

This ensures that you're testing the behavior the user would see in the browser. Learn more at 
https://react.dev/link/wrap-tests-with-act

 [31mÔØ»[39m components/ClassificadosView.test.tsx [2m([22m[2m3 tests[22m[2m | [22m[31m3 failed[39m[2m)[22m[33m 2271[2mms[22m[39m
[31m     [31m├ù[31m lista an├║ncios carregados da vitrine[39m[33m 1047[2mms[22m[39m
[31m     [31m├ù[31m permite criar um novo an├║ncio[39m[32m 195[2mms[22m[39m
[31m     [31m├ù[31m aplica filtros por texto e faixa de pre├ºo[39m[33m 1026[2mms[22m[39m

[31mÔÄ»ÔÄ»ÔÄ»ÔÄ»ÔÄ»ÔÄ»ÔÄ»[39m[1m[41m Failed Tests 3 [49m[22m[31mÔÄ»ÔÄ»ÔÄ»ÔÄ»ÔÄ»ÔÄ»ÔÄ»[39m

[41m[1m FAIL [22m[49m components/ClassificadosView.test.tsx[2m > [22mClassificadosView[2m > [22mlista 
an├║ncios carregados da vitrine
[31m[1mTestingLibraryElementError[22m[39m: Unable to find an element with the text: Bicicleta Aro 29. This could 
be because the text is broken up by multiple elements. In this case, you can provide a function for your text matcher 
to make your matcher more flexible.

Ignored nodes: comments, script, style
[36m<body>[39m
  [36m<div>[39m
    [36m<main[39m
      [33mclass[39m=[32m"flex-1 px-4 md:px-10 pb-10 pt-4 overflow-y-auto animate-in fade-in slide-in-from-bottom-8 
duration-700"[39m
    [36m>[39m
      [36m<div[39m
        [33mclass[39m=[32m"flex flex-col md:flex-row justify-between items-center mb-10 gap-4"[39m
      [36m>[39m
        [36m<div>[39m
          [36m<h2[39m
            [33mclass[39m=[32m"text-3xl font-black text-[#1d2a13] uppercase tracking-tight flex items-center 
gap-3"[39m
          [36m>[39m
            [0mCompra e Venda [0m
            [36m<span[39m
              [33mclass[39m=[32m"text-2xl"[39m
            [36m>[39m
              [0m­ƒøÆ[0m
            [36m</span>[39m
          [36m</h2>[39m
          [36m<p[39m
            [33mclass[39m=[32m"text-xs font-bold text-[#4a5937]/70 uppercase tracking-widest mt-1"[39m
          [36m>[39m
            [0mClassificados Exclusivos para Moradores[0m
          [36m</p>[39m
        [36m</div>[39m
        [36m<div[39m
          [33mclass[39m=[32m"flex gap-2 pb-2 overflow-x-auto w-full md:w-auto"[39m
        [36m>[39m
          [36m<button[39m
            [33mclass[39m=[32m"bg-[#1d2a13] hover:bg-black text-white px-5 py-3 rounded-full font-bold shadow-lg 
flex items-center gap-2 transition-colors uppercase text-xs tracking-widest shrink-0"[39m
          [36m>[39m
            [36m<svg[39m
              [33maria-hidden[39m=[32m"true"[39m
              [33mclass[39m=[32m"lucide lucide-plus"[39m
              [33mfill[39m=[32m"none"[39m
              [33mheight[39m=[32m"16"[39m
              [33mstroke[39m=[32m"currentColor"[39m
              [33mstroke-linecap[39m=[32m"round"[39m
              [33mstroke-linejoin[39m=[32m"round"[39m
              [33mstroke-width[39m=[32m"2"[39m
              [33mviewBox[39m=[32m"0 0 24 24"[39m
              [33mwidth[39m=[32m"16"[39m
              [33mxmlns[39m=[32m"http://www.w3.org/2000/svg"[39m
            [36m>[39m
              [36m<path[39m
                [33md[39m=[32m"M5 12h14"[39m
              [36m/>[39m
              [36m<path[39m
                [33md[39m=[32m"M12 5v14"[39m
              [36m/>[39m
            [36m</svg>[39m
            [0m Anunciar[0m
          [36m</button>[39m
          [36m<button[39m
            [33mclass[39m=[32m"px-5 py-3 rounded-full font-bold shadow-md flex items-center gap-2 transition-colors 
uppercase text-xs tracking-widest shrink-0 bg-white text-[#4a5937] border border-[#e4eed7] hover:bg-[#e4eed7]"[39m
          [36m>[39m
            [36m<svg[39m
              [33maria-hidden[39m=[32m"true"[39m
              [33mclass[39m=[32m"lucide lucide-bell"[39m
              [33mfill[39m=[32m"none"[39m
              [33mheight[39m=[32m"16"[39m
              [33mstroke[39m=[32m"currentColor"[39m
              [33mstroke-linecap[39m=[32m"round"[39m
              [33mstroke-linejoin[39m=[32m"round"[39m
              [33mstroke-width[39m=[32m"2"[39m
              [33mviewBox[39m=[32m"0 0 24 24"[39m
              [33mwidth[39m=[32m"16"[39m
              [33mxmlns[39m=[32m"http://www.w3.org/2000/svg"[39m
            [36m>[39m
              [36m<path[39m
                [33md[39m=[32m"M10.268 21a2 2 0 0 0 3.464 0"[39m
              [36m/>[39m
              [36m<path[39m
                [33md[39m=[32m"M3.262 15.326A1 1 0 0 0 4 17h16a1 1 0 0 0 .74-1.673C19.41 13.956 18 12.499 18 8A6 6 
0 0 0 6 8c0 4.499-1.411 5.956-2.738 7.326"[39m
              [36m/>[39m
            [36m</svg>[39m
            [0mMensagens (0)[0m
          [36m</button>[39m
          [36m<button[39m
            [33mclass[39m=[32m"px-5 py-3 rounded-full font-bold shadow-md flex items-center gap-2 transition-colors 
uppercase text-xs tracking-widest shrink-0 bg-white text-[#4a5937] border border-[#e4eed7] hover:bg-[#e4eed7]"[39m
          [36m>[39m
            [36m<svg[39m
              [33maria-hidden[39m=[32m"true"[39m
              [33mclass[39m=[32m"lucide lucide-archive"[39m
              [33mfill[39m=[32m"none"[39m
              [33mheight[39m=[32m"16"[39m
              [33mstroke[39m=[32m"currentColor"[39m
              [33mstroke-linecap[39m=[32m"round"[39m
              [33mstroke-linejoin[39m=[32m"round"[39m
              [33mstroke-width[39m=[32m"2"[39m
              [33mviewBox[39m=[32m"0 0 24 24"[39m
              [33mwidth[39m=[32m"16"[39m
              [33mxmlns[39m=[32m"http://www.w3.org/2000/svg"[39m
            [36m>[39m
              [36m<rect[39m
                [33mheight[39m=[32m"5"[39m
                [33mrx[39m=[32m"1"[39m
                [33mwidth[39m=[32m"20"[39m
                [33mx[39m=[32m"2"[39m
                [33my[39m=[32m"3"[39m
              [36m/>[39m
              [36m<path[39m
                [33md[39m=[32m"M4 8v11a2 2 0 0 0 2 2h12a2 2 0 0 0 2-2V8"[39m
              [36m/>[39m
              [36m<path[39m
                [33md[39m=[32m"M10 12h4"[39m
              [36m/>[39m
            [36m</svg>[39m
            [0mHist├│rico[0m
          [36m</button>[39m
        [36m</div>[39m
      [36m</div>[39m
      [36m<div[39m
        [33mclass[39m=[32m"flex justify-center p-10"[39m
      [36m>[39m
        [36m<svg[39m
          [33maria-hidden[39m=[32m"true"[39m
          [33mclass[39m=[32m"lucide lucide-loader-circle animate-spin text-[#4a5937]"[39m
          [33mfill[39m=[32m"none"[39m
          [33mheight[39m=[32m"40"[39m
          [33mstroke[39m=[32m"currentColor"[39m
          [33mstroke-linecap[39m=[32m"round"[39m
          [33mstroke-linejoin[39m=[32m"round"[39m
          [33mstroke-width[39m=[32m"2"[39m
          [33mviewBox[39m=[32m"0 0 24 24"[39m
          [33mwidth[39m=[32m"40"[39m
          [33mxmlns[39m=[32m"http://www.w3.org/2000/svg"[39m
        [36m>[39m
          [36m<path[39m
            [33md[39m=[32m"M21 12a9 9 0 1 1-6.219-8.56"[39m
          [36m/>[39m
        [36m</svg>[39m
      [36m</div>[39m
    [36m</main>[39m
  [36m</div>[39m
[36m</body>[39m

Ignored nodes: comments, script, style
[36m<html>[39m
  [36m<head />[39m
  [36m<body>[39m
    [36m<div>[39m
      [36m<main[39m
        [33mclass[39m=[32m"flex-1 px-4 md:px-10 pb-10 pt-4 overflow-y-auto animate-in fade-in 
slide-in-from-bottom-8 duration-700"[39m
      [36m>[39m
        [36m<div[39m
          [33mclass[39m=[32m"flex flex-col md:flex-row justify-between items-center mb-10 gap-4"[39m
        [36m>[39m
          [36m<div>[39m
            [36m<h2[39m
              [33mclass[39m=[32m"text-3xl font-black text-[#1d2a13] uppercase tracking-tight flex items-center 
gap-3"[39m
            [36m>[39m
              [0mCompra e Venda [0m
              [36m<span[39m
                [33mclass[39m=[32m"text-2xl"[39m
              [36m>[39m
                [0m­ƒøÆ[0m
              [36m</span>[39m
            [36m</h2>[39m
            [36m<p[39m
              [33mclass[39m=[32m"text-xs font-bold text-[#4a5937]/70 uppercase tracking-widest mt-1"[39m
            [36m>[39m
              [0mClassificados Exclusivos para Moradores[0m
            [36m</p>[39m
          [36m</div>[39m
          [36m<div[39m
            [33mclass[39m=[32m"flex gap-2 pb-2 overflow-x-auto w-full md:w-auto"[39m
          [36m>[39m
            [36m<button[39m
              [33mclass[39m=[32m"bg-[#1d2a13] hover:bg-black text-white px-5 py-3 rounded-full font-bold shadow-lg 
flex items-center gap-2 transition-colors uppercase text-xs tracking-widest shrink-0"[39m
            [36m>[39m
              [36m<svg[39m
                [33maria-hidden[39m=[32m"true"[39m
                [33mclass[39m=[32m"lucide lucide-plus"[39m
                [33mfill[39m=[32m"none"[39m
                [33mheight[39m=[32m"16"[39m
                [33mstroke[39m=[32m"currentColor"[39m
                [33mstroke-linecap[39m=[32m"round"[39m
                [33mstroke-linejoin[39m=[32m"round"[39m
                [33mstroke-width[39m=[32m"2"[39m
                [33mviewBox[39m=[32m"0 0 24 24"[39m
                [33mwidth[39m=[32m"16"[39m
                [33mxmlns[39m=[32m"http://www.w3.org/2000/svg"[39m
              [36m>[39m
                [36m<path[39m
                  [33md[39m=[32m"M5 12h14"[39m
                [36m/>[39m
                [36m<path[39m
                  [33md[39m=[32m"M12 5v14"[39m
                [36m/>[39m
              [36m</svg>[39m
              [0m Anunciar[0m
            [36m</button>[39m
            [36m<button[39m
              [33mclass[39m=[32m"px-5 py-3 rounded-full font-bold shadow-md flex items-center gap-2 
transition-colors uppercase text-xs tracking-widest shrink-0 bg-white text-[#4a5937] border border-[#e4eed7] 
hover:bg-[#e4eed7]"[39m
            [36m>[39m
              [36m<svg[39m
                [33maria-hidden[39m=[32m"true"[39m
                [33mclass[39m=[32m"lucide lucide-bell"[39m
                [33mfill[39m=[32m"none"[39m
                [33mheight[39m=[32m"16"[39m
                [33mstroke[39m=[32m"currentColor"[39m
                [33mstroke-linecap[39m=[32m"round"[39m
                [33mstroke-linejoin[39m=[32m"round"[39m
                [33mstroke-width[39m=[32m"2"[39m
                [33mviewBox[39m=[32m"0 0 24 24"[39m
                [33mwidth[39m=[32m"16"[39m
                [33mxmlns[39m=[32m"http://www.w3.org/2000/svg"[39m
              [36m>[39m
                [36m<path[39m
                  [33md[39m=[32m"M10.268 21a2 2 0 0 0 3.464 0"[39m
                [36m/>[39m
                [36m<path[39m
                  [33md[39m=[32m"M3.262 15.326A1 1 0 0 0 4 17h16a1 1 0 0 0 .74-1.673C19.41 13.956 18 12.499 18 8A6 
6 0 0 0 6 8c0 4.499-1.411 5.956-2.738 7.326"[39m
                [36m/>[39m
              [36m</svg>[39m
              [0mMensagens (0)[0m
            [36m</button>[39m
            [36m<button[39m
              [33mclass[39m=[32m"px-5 py-3 rounded-full font-bold shadow-md flex items-center gap-2 
transition-colors uppercase text-xs tracking-widest shrink-0 bg-white text-[#4a5937] border border-[#e4eed7] 
hover:bg-[#e4eed7]"[39m
            [36m>[39m
              [36m<svg[39m
                [33maria-hidden[39m=[32m"true"[39m
                [33mclass[39m=[32m"lucide lucide-archive"[39m
                [33mfill[39m=[32m"none"[39m
                [33mheight[39m=[32m"16"[39m
                [33mstroke[39m=[32m"currentColor"[39m
                [33mstroke-linecap[39m=[32m"round"[39m
                [33mstroke-linejoin[39m=[32m"round"[39m
                [33mstroke-width[39m=[32m"2"[39m
                [33mviewBox[39m=[32m"0 0 24 24"[39m
                [33mwidth[39m=[32m"16"[39m
                [33mxmlns[39m=[32m"http://www.w3.org/2000/svg"[39m
              [36m>[39m
                [36m<rect[39m
                  [33mheight[39m=[32m"5"[39m
                  [33mrx[39m=[32m"1"[39m
                  [33mwidth[39m=[32m"20"[39m
                  [33mx[39m=[32m"2"[39m
                  [33my[39m=[32m"3"[39m
                [36m/>[39m
                [36m<path[39m
                  [33md[39m=[32m"M4 8v11a2 2 0 0 0 2 2h12a2 2 0 0 0 2-2V8"[39m
                [36m/>[39m
                [36m<path[39m
                  [33md[39m=[32m"M10 12h4"[39m
                [36m/>[39m
              [36m</svg>[39m
              [0mHist├│rico[0m
            [36m</button>[39m
          [36m</div>[39m
        [36m</div>[39m
        [36m<div[39m
          [33mclass[39m=[32m"flex justify-center p-10"[39m
        [36m>[39m
          [36m<svg[39m
            [33maria-hidden[39m=[32m"true"[39m
            [33mclass[39m=[32m"lucide lucide-loader-circle animate-spin text-[#4a5937]"[39m
            [33mfill[39m=[32m"none"[39m
            [33mheight[39m=[32m"40"[39m
            [33mstroke[39m=[32m"currentColor"[39m
            [33mstroke-linecap[39m=[32m"round"[39m
            [33mstroke-linejoin[39m=[32m"round"[39m
            [33mstroke-width[39m=[32m"2"[39m
            [33mviewBox[39m=[32m"0 0 24 24"[39m
            [33mwidth[39m=[32m"40"[39m
            [33mxmlns[39m=[32m"http://www.w3.org/2000/svg"[39m
          [36m>[39m
            [36m<path[39m
              [33md[39m=[32m"M21 12a9 9 0 1 1-6.219-8.56"[39m
            [36m/>[39m
          [36m</svg>[39m
        [36m</div>[39m
      [36m</main>[39m
    [36m</div>[39m
  [36m</body>[39m
[36m</html>[39m
[90m [2mÔØ»[22m Proxy.waitForWrapper node_modules/@testing-library/dom/dist/wait-for.js:[2m163:27[22m[39m
[36m [2mÔØ»[22m components/ClassificadosView.test.tsx:[2m106:11[22m[39m
    [90m104|[39m     [34mrender[39m([33m<[39m[33mClassificadosView[39m 
[33mperfil[39m[33m=[39m[33m{[39mperfil[33m}[39m [33m/[39m[33m>[39m)[33m;[39m
    [90m105|[39m
    [90m106|[39m     [35mawait[39m [34mwaitFor[39m(() [33m=>[39m {
    [90m   |[39m           [31m^[39m
    [90m107|[39m       [34mexpect[39m(screen[33m.[39m[34mgetByText[39m([32m'Bicicleta Aro 
29'[39m))[33m.[39m[34mtoBeInTheDocument[39m()[33m;[39m
    [90m108|[39m       [34mexpect[39m(screen[33m.[39m[34mgetByText[39m([32m'Sof├í 3 
lugares'[39m))[33m.[39m[34mtoBeInTheDocument[39m()[33m;[39m

[31m[2mÔÄ»ÔÄ»ÔÄ»ÔÄ»ÔÄ»ÔÄ»ÔÄ»ÔÄ»ÔÄ»ÔÄ»ÔÄ»ÔÄ»ÔÄ»ÔÄ»ÔÄ»ÔÄ»ÔÄ»ÔÄ»ÔÄ»ÔÄ»ÔÄ»ÔÄ»ÔÄ»ÔÄ»[1/3]ÔÄ»[22m[39m

[41m[1m FAIL [22m[49m components/ClassificadosView.test.tsx[2m > [22mClassificadosView[2m > [22mpermite criar 
um novo an├║ncio
[31m[1mTestingLibraryElementError[22m[39m: Unable to find an element with the placeholder text of: 0.00

Ignored nodes: comments, script, style
[36m<body>[39m
  [36m<div>[39m
    [36m<main[39m
      [33mclass[39m=[32m"flex-1 px-4 md:px-10 pb-10 pt-4 overflow-y-auto animate-in fade-in slide-in-from-bottom-8 
duration-700"[39m
    [36m>[39m
      [36m<div[39m
        [33mclass[39m=[32m"flex flex-col md:flex-row justify-between items-center mb-10 gap-4"[39m
      [36m>[39m
        [36m<div>[39m
          [36m<h2[39m
            [33mclass[39m=[32m"text-3xl font-black text-[#1d2a13] uppercase tracking-tight flex items-center 
gap-3"[39m
          [36m>[39m
            [0mCompra e Venda [0m
            [36m<span[39m
              [33mclass[39m=[32m"text-2xl"[39m
            [36m>[39m
              [0m­ƒøÆ[0m
            [36m</span>[39m
          [36m</h2>[39m
          [36m<p[39m
            [33mclass[39m=[32m"text-xs font-bold text-[#4a5937]/70 uppercase tracking-widest mt-1"[39m
          [36m>[39m
            [0mClassificados Exclusivos para Moradores[0m
          [36m</p>[39m
        [36m</div>[39m
        [36m<div[39m
          [33mclass[39m=[32m"flex gap-2 pb-2 overflow-x-auto w-full md:w-auto"[39m
        [36m>[39m
          [36m<button[39m
            [33mclass[39m=[32m"px-5 py-3 rounded-full font-bold shadow-md flex items-center gap-2 transition-colors 
uppercase text-xs tracking-widest shrink-0 bg-white text-[#4a5937] border border-[#e4eed7] hover:bg-[#e4eed7]"[39m
          [36m>[39m
            [36m<svg[39m
              [33maria-hidden[39m=[32m"true"[39m
              [33mclass[39m=[32m"lucide lucide-bell"[39m
              [33mfill[39m=[32m"none"[39m
              [33mheight[39m=[32m"16"[39m
              [33mstroke[39m=[32m"currentColor"[39m
              [33mstroke-linecap[39m=[32m"round"[39m
              [33mstroke-linejoin[39m=[32m"round"[39m
              [33mstroke-width[39m=[32m"2"[39m
              [33mviewBox[39m=[32m"0 0 24 24"[39m
              [33mwidth[39m=[32m"16"[39m
              [33mxmlns[39m=[32m"http://www.w3.org/2000/svg"[39m
            [36m>[39m
              [36m<path[39m
                [33md[39m=[32m"M10.268 21a2 2 0 0 0 3.464 0"[39m
              [36m/>[39m
              [36m<path[39m
                [33md[39m=[32m"M3.262 15.326A1 1 0 0 0 4 17h16a1 1 0 0 0 .74-1.673C19.41 13.956 18 12.499 18 8A6 6 
0 0 0 6 8c0 4.499-1.411 5.956-2.738 7.326"[39m
              [36m/>[39m
            [36m</svg>[39m
            [0mMensagens (0)[0m
          [36m</button>[39m
          [36m<button[39m
            [33mclass[39m=[32m"px-5 py-3 rounded-full font-bold shadow-md flex items-center gap-2 transition-colors 
uppercase text-xs tracking-widest shrink-0 bg-white text-[#4a5937] border border-[#e4eed7] hover:bg-[#e4eed7]"[39m
          [36m>[39m
            [36m<svg[39m
              [33maria-hidden[39m=[32m"true"[39m
              [33mclass[39m=[32m"lucide lucide-archive"[39m
              [33mfill[39m=[32m"none"[39m
              [33mheight[39m=[32m"16"[39m
              [33mstroke[39m=[32m"currentColor"[39m
              [33mstroke-linecap[39m=[32m"round"[39m
              [33mstroke-linejoin[39m=[32m"round"[39m
              [33mstroke-width[39m=[32m"2"[39m
              [33mviewBox[39m=[32m"0 0 24 24"[39m
              [33mwidth[39m=[32m"16"[39m
              [33mxmlns[39m=[32m"http://www.w3.org/2000/svg"[39m
            [36m>[39m
              [36m<rect[39m
                [33mheight[39m=[32m"5"[39m
                [33mrx[39m=[32m"1"[39m
                [33mwidth[39m=[32m"20"[39m
                [33mx[39m=[32m"2"[39m
                [33my[39m=[32m"3"[39m
              [36m/>[39m
              [36m<path[39m
                [33md[39m=[32m"M4 8v11a2 2 0 0 0 2 2h12a2 2 0 0 0 2-2V8"[39m
              [36m/>[39m
              [36m<path[39m
                [33md[39m=[32m"M10 12h4"[39m
              [36m/>[39m
            [36m</svg>[39m
            [0mHist├│rico[0m
          [36m</button>[39m
        [36m</div>[39m
      [36m</div>[39m
      [36m<section[39m
        [33mclass[39m=[32m"bg-white p-8 rounded-[2rem] shadow-sm border border-transparent 
hover:border-[#4a5937]/20 transition-all mb-10"[39m
      [36m>[39m
        [36m<div[39m
          [33mclass[39m=[32m"flex justify-between items-center mb-6"[39m
        [36m>[39m
          [36m<h3[39m
            [33mclass[39m=[32m"text-xl font-bold text-[#1d2a13]"[39m
          [36m>[39m
            [0mNovo An├║ncio[0m
          [36m</h3>[39m
          [36m<button[39m
            [33mclass[39m=[32m"bg-gray-100 hover:bg-gray-200 p-2 rounded-full"[39m
          [36m>[39m
            [36m<svg[39m
              [33maria-hidden[39m=[32m"true"[39m
              [33mclass[39m=[32m"lucide lucide-x"[39m
              [33mfill[39m=[32m"none"[39m
              [33mheight[39m=[32m"16"[39m
              [33mstroke[39m=[32m"currentColor"[39m
              [33mstroke-linecap[39m=[32m"round"[39m
              [33mstroke-linejoin[39m=[32m"round"[39m
              [33mstroke-width[39m=[32m"2"[39m
              [33mviewBox[39m=[32m"0 0 24 24"[39m
              [33mwidth[39m=[32m"16"[39m
              [33mxmlns[39m=[32m"http://www.w3.org/2000/svg"[39m
            [36m>[39m
              [36m<path[39m
                [33md[39m=[32m"M18 6 6 18"[39m
              [36m/>[39m
              [36m<path[39m
                [33md[39m=[32m"m6 6 12 12"[39m
              [36m/>[39m
            [36m</svg>[39m
          [36m</button>[39m
        [36m</div>[39m
        [36m<div[39m
          [33mclass[39m=[32m"grid grid-cols-1 md:grid-cols-2 gap-6"[39m
        [36m>[39m
          [36m<div>[39m
            [36m<input[39m
              [33mclass[39m=[32m"w-full bg-[#f4f7ef] border-transparent rounded-[1.5rem] px-5 py-4 mb-4 font-bold 
outline-none focus:ring-2 focus:ring-[#4a5937]/20 shadow-inner text-sm"[39m
              [33mplaceholder[39m=[32m"T├¡tulo do Produto"[39m
              [33mtype[39m=[32m"text"[39m
              [33mvalue[39m=[32m"Mesa de Jantar"[39m
            [36m/>[39m
            [36m<textarea[39m
              [33mclass[39m=[32m"w-full bg-[#f4f7ef] border-transparent rounded-[1.5rem] p-5 mb-4 h-32 outline-none 
focus:ring-2 focus:ring-[#4a5937]/20 shadow-inner text-sm resize-none custom-scrollbar"[39m
              [33mplaceholder[39m=[32m"Descreva as condi├º├Áes, tempo de uso, motivo da venda..."[39m
            [36m>[39m
              [0m6 lugares, madeira maci├ºa.[0m
            [36m</textarea>[39m
            [36m<div[39m
              [33mclass[39m=[32m"relative"[39m
            [36m>[39m
              [36m<span[39m
                [33mclass[39m=[32m"absolute left-5 top-1/2 -translate-y-1/2 font-black text-[#2c3f1d]/50"[39m
              [36m>[39m
                [0mR$[0m
              [36m</span>[39m
              [36m<input[39m
                [33mclass[39m=[32m"w-full bg-[#f4f7ef] border-transparent rounded-[1.5rem] pl-12 pr-5 py-4 mb-4 
font-bold outline-none focus:ring-2 focus:ring-[#4a5937]/20 shadow-inner text-sm"[39m
                [33mplaceholder[39m=[32m"0,00"[39m
                [33mtype[39m=[32m"text"[39m
                [33mvalue[39m=[32m""[39m
              [36m/>[39m
            [36m</div>[39m
          [36m</div>[39m
          [36m<div>[39m
            [36m<label[39m
              [33mclass[39m=[32m"block border-2 border-dashed border-[#4a5937]/20 bg-[#f4f7ef] hover:bg-[#e4eed7] 
p-6 rounded-[1.5rem] h-[16rem] cursor-pointer text-center transition-colors mb-6 relative"[39m
            [36m>[39m
              [36m<div[39m
                [33mclass[39m=[32m"h-full flex flex-col justify-center items-center opacity-60 text-[#4a5937]"[39m
              [36m>[39m
                [36m<svg[39m
                  [33maria-hidden[39m=[32m"true"[39m
                  [33mclass[39m=[32m"lucide lucide-camera mb-2"[39m
                  [33mfill[39m=[32m"none"[39m
                  [33mheight[39m=[32m"40"[39m
                  [33mstroke[39m=[32m"currentColor"[39m
                  [33mstroke-linecap[39m=[32m"round"[39m
                  [33mstroke-linejoin[39m=[32m"round"[39m
                  [33mstroke-width[39m=[32m"2"[39m
                  [33mviewBox[39m=[32m"0 0 24 24"[39m
                  [33mwidth[39m=[32m"40"[39m
                  [33mxmlns[39m=[32m"http://www.w3.org/2000/svg"[39m
                [36m>[39m
                  [36m<path[39m
                    [33md[39m=[32m"M13.997 4a2 2 0 0 1 1.76 1.05l.486.9A2 2 0 0 0 18.003 7H20a2 2 0 0 1 2 2v9a2 2 0 
0 1-2 2H4a2 2 0 0 1-2-2V9a2 2 0 0 1 2-2h1.997a2 2 0 0 0 1.759-1.048l.489-.904A2 2 0 0 1 10.004 4z"[39m
                  [36m/>[39m
                  [36m<circle[39m
                    [33mcx[39m=[32m"12"[39m
                    [33mcy[39m=[32m"13"[39m
                    [33mr[39m=[32m"3"[39m
                  [36m/>[39m
                [36m</svg>[39m
                [36m<span[39m
                  [33mclass[39m=[32m"text-xs font-bold uppercase tracking-widest mt-2"[39m
                [36m>[39m
                  [0mFazer Upload da Foto[0m
                [36m</span>[39m
              [36m</div>[39m
              [36m<input[39m
                [33maccept[39m=[32m"image/*"[39m
                [33mclass[39m=[32m"hidden"[39m
                [33mtype[39m=[32m"file"[39m
              [36m/>[39m
            [36m</label>[39m
            [36m<button[39m
              [33mclass[39m=[32m"w-full bg-[#1d2a13] hover:bg-black text-white font-black py-4 rounded-[1.5rem] 
transition-colors shadow-lg flex justify-center items-center gap-2 disabled:opacity-50"[39m
            [36m>[39m
              [0mPUBLICAR OFERTA[0m
            [36m</button>[39m
          [36m</div>[39m
        [36m</div>[39m
      [36m</section>[39m
      [36m<div[39m
        [33mclass[39m=[32m"flex justify-center p-10"[39m
      [36m>[39m
        [36m<svg[39m
          [33maria-hidden[39m=[32m"true"[39m
          [33mclass[39m=[32m"lucide lucide-loader-circle animate-spin text-[#4a5937]"[39m
          [33mfill[39m=[32m"none"[39m
          [33mheight[39m=[32m"40"[39m
          [33mstroke[39m=[32m"currentColor"[39m
          [33mstroke-linecap[39m=[32m"round"[39m
          [33mstroke-linejoin[39m=[32m"round"[39m
          [33mstroke-width[39m=[32m"2"[39m
          [33mviewBox[39m=[32m"0 0 24 24"[39m
          [33mwidth[39m=[32m"40"[39m
          [33mxmlns[39m=[32m"http://www.w3.org/2000/svg"[39m
        [36m>[39m
          [36m<path[39m
            [33md[39m=[32m"M21 12a9 9 0 1 1-6.219-8.56"[39m
          [36m/>[39m
        [36m</svg>[39m
      [36m</div>[39m
    [36m</main>[39m
  [36m</div>[39m
[36m</body>[39m
[90m [2mÔØ»[22m Object.getElementError node_modules/@testing-library/dom/dist/config.js:[2m37:19[22m[39m
[90m [2mÔØ»[22m node_modules/@testing-library/dom/dist/query-helpers.js:[2m76:38[22m[39m
[90m [2mÔØ»[22m node_modules/@testing-library/dom/dist/query-helpers.js:[2m52:17[22m[39m
[90m [2mÔØ»[22m node_modules/@testing-library/dom/dist/query-helpers.js:[2m95:19[22m[39m
[36m [2mÔØ»[22m components/ClassificadosView.test.tsx:[2m133:29[22m[39m
    [90m131|[39m       { target[33m:[39m { value[33m:[39m [32m'6 lugares, madeira maci├ºa.'[39m } }[33m,[39m
    [90m132|[39m     )[33m;[39m
    [90m133|[39m     
fireEvent[33m.[39m[34mchange[39m(screen[33m.[39m[34mgetByPlaceholderText[39m([32m'0.00'[39m)[33m,[39m {
    [90m   |[39m                             [31m^[39m
    [90m134|[39m       target[33m:[39m { value[33m:[39m [32m'900'[39m }[33m,[39m
    [90m135|[39m     })[33m;[39m

[31m[2mÔÄ»ÔÄ»ÔÄ»ÔÄ»ÔÄ»ÔÄ»ÔÄ»ÔÄ»ÔÄ»ÔÄ»ÔÄ»ÔÄ»ÔÄ»ÔÄ»ÔÄ»ÔÄ»ÔÄ»ÔÄ»ÔÄ»ÔÄ»ÔÄ»ÔÄ»ÔÄ»ÔÄ»[2/3]ÔÄ»[22m[39m

[41m[1m FAIL [22m[49m components/ClassificadosView.test.tsx[2m > [22mClassificadosView[2m > [22maplica filtros 
por texto e faixa de pre├ºo
[31m[1mTestingLibraryElementError[22m[39m: Unable to find an element with the text: Bicicleta Aro 29. This could 
be because the text is broken up by multiple elements. In this case, you can provide a function for your text matcher 
to make your matcher more flexible.

Ignored nodes: comments, script, style
[36m<body>[39m
  [36m<div>[39m
    [36m<main[39m
      [33mclass[39m=[32m"flex-1 px-4 md:px-10 pb-10 pt-4 overflow-y-auto animate-in fade-in slide-in-from-bottom-8 
duration-700"[39m
    [36m>[39m
      [36m<div[39m
        [33mclass[39m=[32m"flex flex-col md:flex-row justify-between items-center mb-10 gap-4"[39m
      [36m>[39m
        [36m<div>[39m
          [36m<h2[39m
            [33mclass[39m=[32m"text-3xl font-black text-[#1d2a13] uppercase tracking-tight flex items-center 
gap-3"[39m
          [36m>[39m
            [0mCompra e Venda [0m
            [36m<span[39m
              [33mclass[39m=[32m"text-2xl"[39m
            [36m>[39m
              [0m­ƒøÆ[0m
            [36m</span>[39m
          [36m</h2>[39m
          [36m<p[39m
            [33mclass[39m=[32m"text-xs font-bold text-[#4a5937]/70 uppercase tracking-widest mt-1"[39m
          [36m>[39m
            [0mClassificados Exclusivos para Moradores[0m
          [36m</p>[39m
        [36m</div>[39m
        [36m<div[39m
          [33mclass[39m=[32m"flex gap-2 pb-2 overflow-x-auto w-full md:w-auto"[39m
        [36m>[39m
          [36m<button[39m
            [33mclass[39m=[32m"bg-[#1d2a13] hover:bg-black text-white px-5 py-3 rounded-full font-bold shadow-lg 
flex items-center gap-2 transition-colors uppercase text-xs tracking-widest shrink-0"[39m
          [36m>[39m
            [36m<svg[39m
              [33maria-hidden[39m=[32m"true"[39m
              [33mclass[39m=[32m"lucide lucide-plus"[39m
              [33mfill[39m=[32m"none"[39m
              [33mheight[39m=[32m"16"[39m
              [33mstroke[39m=[32m"currentColor"[39m
              [33mstroke-linecap[39m=[32m"round"[39m
              [33mstroke-linejoin[39m=[32m"round"[39m
              [33mstroke-width[39m=[32m"2"[39m
              [33mviewBox[39m=[32m"0 0 24 24"[39m
              [33mwidth[39m=[32m"16"[39m
              [33mxmlns[39m=[32m"http://www.w3.org/2000/svg"[39m
            [36m>[39m
              [36m<path[39m
                [33md[39m=[32m"M5 12h14"[39m
              [36m/>[39m
              [36m<path[39m
                [33md[39m=[32m"M12 5v14"[39m
              [36m/>[39m
            [36m</svg>[39m
            [0m Anunciar[0m
          [36m</button>[39m
          [36m<button[39m
            [33mclass[39m=[32m"px-5 py-3 rounded-full font-bold shadow-md flex items-center gap-2 transition-colors 
uppercase text-xs tracking-widest shrink-0 bg-white text-[#4a5937] border border-[#e4eed7] hover:bg-[#e4eed7]"[39m
          [36m>[39m
            [36m<svg[39m
              [33maria-hidden[39m=[32m"true"[39m
              [33mclass[39m=[32m"lucide lucide-bell"[39m
              [33mfill[39m=[32m"none"[39m
              [33mheight[39m=[32m"16"[39m
              [33mstroke[39m=[32m"currentColor"[39m
              [33mstroke-linecap[39m=[32m"round"[39m
              [33mstroke-linejoin[39m=[32m"round"[39m
              [33mstroke-width[39m=[32m"2"[39m
              [33mviewBox[39m=[32m"0 0 24 24"[39m
              [33mwidth[39m=[32m"16"[39m
              [33mxmlns[39m=[32m"http://www.w3.org/2000/svg"[39m
            [36m>[39m
              [36m<path[39m
                [33md[39m=[32m"M10.268 21a2 2 0 0 0 3.464 0"[39m
              [36m/>[39m
              [36m<path[39m
                [33md[39m=[32m"M3.262 15.326A1 1 0 0 0 4 17h16a1 1 0 0 0 .74-1.673C19.41 13.956 18 12.499 18 8A6 6 
0 0 0 6 8c0 4.499-1.411 5.956-2.738 7.326"[39m
              [36m/>[39m
            [36m</svg>[39m
            [0mMensagens (0)[0m
          [36m</button>[39m
          [36m<button[39m
            [33mclass[39m=[32m"px-5 py-3 rounded-full font-bold shadow-md flex items-center gap-2 transition-colors 
uppercase text-xs tracking-widest shrink-0 bg-white text-[#4a5937] border border-[#e4eed7] hover:bg-[#e4eed7]"[39m
          [36m>[39m
            [36m<svg[39m
              [33maria-hidden[39m=[32m"true"[39m
              [33mclass[39m=[32m"lucide lucide-archive"[39m
              [33mfill[39m=[32m"none"[39m
              [33mheight[39m=[32m"16"[39m
              [33mstroke[39m=[32m"currentColor"[39m
              [33mstroke-linecap[39m=[32m"round"[39m
              [33mstroke-linejoin[39m=[32m"round"[39m
              [33mstroke-width[39m=[32m"2"[39m
              [33mviewBox[39m=[32m"0 0 24 24"[39m
              [33mwidth[39m=[32m"16"[39m
              [33mxmlns[39m=[32m"http://www.w3.org/2000/svg"[39m
            [36m>[39m
              [36m<rect[39m
                [33mheight[39m=[32m"5"[39m
                [33mrx[39m=[32m"1"[39m
                [33mwidth[39m=[32m"20"[39m
                [33mx[39m=[32m"2"[39m
                [33my[39m=[32m"3"[39m
              [36m/>[39m
              [36m<path[39m
                [33md[39m=[32m"M4 8v11a2 2 0 0 0 2 2h12a2 2 0 0 0 2-2V8"[39m
              [36m/>[39m
              [36m<path[39m
                [33md[39m=[32m"M10 12h4"[39m
              [36m/>[39m
            [36m</svg>[39m
            [0mHist├│rico[0m
          [36m</button>[39m
        [36m</div>[39m
      [36m</div>[39m
      [36m<div[39m
        [33mclass[39m=[32m"flex justify-center p-10"[39m
      [36m>[39m
        [36m<svg[39m
          [33maria-hidden[39m=[32m"true"[39m
          [33mclass[39m=[32m"lucide lucide-loader-circle animate-spin text-[#4a5937]"[39m
          [33mfill[39m=[32m"none"[39m
          [33mheight[39m=[32m"40"[39m
          [33mstroke[39m=[32m"currentColor"[39m
          [33mstroke-linecap[39m=[32m"round"[39m
          [33mstroke-linejoin[39m=[32m"round"[39m
          [33mstroke-width[39m=[32m"2"[39m
          [33mviewBox[39m=[32m"0 0 24 24"[39m
          [33mwidth[39m=[32m"40"[39m
          [33mxmlns[39m=[32m"http://www.w3.org/2000/svg"[39m
        [36m>[39m
          [36m<path[39m
            [33md[39m=[32m"M21 12a9 9 0 1 1-6.219-8.56"[39m
          [36m/>[39m
        [36m</svg>[39m
      [36m</div>[39m
    [36m</main>[39m
  [36m</div>[39m
[36m</body>[39m

Ignored nodes: comments, script, style
[36m<html>[39m
  [36m<head />[39m
  [36m<body>[39m
    [36m<div>[39m
      [36m<main[39m
        [33mclass[39m=[32m"flex-1 px-4 md:px-10 pb-10 pt-4 overflow-y-auto animate-in fade-in 
slide-in-from-bottom-8 duration-700"[39m
      [36m>[39m
        [36m<div[39m
          [33mclass[39m=[32m"flex flex-col md:flex-row justify-between items-center mb-10 gap-4"[39m
        [36m>[39m
          [36m<div>[39m
            [36m<h2[39m
              [33mclass[39m=[32m"text-3xl font-black text-[#1d2a13] uppercase tracking-tight flex items-center 
gap-3"[39m
            [36m>[39m
              [0mCompra e Venda [0m
              [36m<span[39m
                [33mclass[39m=[32m"text-2xl"[39m
              [36m>[39m
                [0m­ƒøÆ[0m
              [36m</span>[39m
            [36m</h2>[39m
            [36m<p[39m
              [33mclass[39m=[32m"text-xs font-bold text-[#4a5937]/70 uppercase tracking-widest mt-1"[39m
            [36m>[39m
              [0mClassificados Exclusivos para Moradores[0m
            [36m</p>[39m
          [36m</div>[39m
          [36m<div[39m
            [33mclass[39m=[32m"flex gap-2 pb-2 overflow-x-auto w-full md:w-auto"[39m
          [36m>[39m
            [36m<button[39m
              [33mclass[39m=[32m"bg-[#1d2a13] hover:bg-black text-white px-5 py-3 rounded-full font-bold shadow-lg 
flex items-center gap-2 transition-colors uppercase text-xs tracking-widest shrink-0"[39m
            [36m>[39m
              [36m<svg[39m
                [33maria-hidden[39m=[32m"true"[39m
                [33mclass[39m=[32m"lucide lucide-plus"[39m
                [33mfill[39m=[32m"none"[39m
                [33mheight[39m=[32m"16"[39m
                [33mstroke[39m=[32m"currentColor"[39m
                [33mstroke-linecap[39m=[32m"round"[39m
                [33mstroke-linejoin[39m=[32m"round"[39m
                [33mstroke-width[39m=[32m"2"[39m
                [33mviewBox[39m=[32m"0 0 24 24"[39m
                [33mwidth[39m=[32m"16"[39m
                [33mxmlns[39m=[32m"http://www.w3.org/2000/svg"[39m
              [36m>[39m
                [36m<path[39m
                  [33md[39m=[32m"M5 12h14"[39m
                [36m/>[39m
                [36m<path[39m
                  [33md[39m=[32m"M12 5v14"[39m
                [36m/>[39m
              [36m</svg>[39m
              [0m Anunciar[0m
            [36m</button>[39m
            [36m<button[39m
              [33mclass[39m=[32m"px-5 py-3 rounded-full font-bold shadow-md flex items-center gap-2 
transition-colors uppercase text-xs tracking-widest shrink-0 bg-white text-[#4a5937] border border-[#e4eed7] 
hover:bg-[#e4eed7]"[39m
            [36m>[39m
              [36m<svg[39m
                [33maria-hidden[39m=[32m"true"[39m
                [33mclass[39m=[32m"lucide lucide-bell"[39m
                [33mfill[39m=[32m"none"[39m
                [33mheight[39m=[32m"16"[39m
                [33mstroke[39m=[32m"currentColor"[39m
                [33mstroke-linecap[39m=[32m"round"[39m
                [33mstroke-linejoin[39m=[32m"round"[39m
                [33mstroke-width[39m=[32m"2"[39m
                [33mviewBox[39m=[32m"0 0 24 24"[39m
                [33mwidth[39m=[32m"16"[39m
                [33mxmlns[39m=[32m"http://www.w3.org/2000/svg"[39m
              [36m>[39m
                [36m<path[39m
                  [33md[39m=[32m"M10.268 21a2 2 0 0 0 3.464 0"[39m
                [36m/>[39m
                [36m<path[39m
                  [33md[39m=[32m"M3.262 15.326A1 1 0 0 0 4 17h16a1 1 0 0 0 .74-1.673C19.41 13.956 18 12.499 18 8A6 
6 0 0 0 6 8c0 4.499-1.411 5.956-2.738 7.326"[39m
                [36m/>[39m
              [36m</svg>[39m
              [0mMensagens (0)[0m
            [36m</button>[39m
            [36m<button[39m
              [33mclass[39m=[32m"px-5 py-3 rounded-full font-bold shadow-md flex items-center gap-2 
transition-colors uppercase text-xs tracking-widest shrink-0 bg-white text-[#4a5937] border border-[#e4eed7] 
hover:bg-[#e4eed7]"[39m
            [36m>[39m
              [36m<svg[39m
                [33maria-hidden[39m=[32m"true"[39m
                [33mclass[39m=[32m"lucide lucide-archive"[39m
                [33mfill[39m=[32m"none"[39m
                [33mheight[39m=[32m"16"[39m
                [33mstroke[39m=[32m"currentColor"[39m
                [33mstroke-linecap[39m=[32m"round"[39m
                [33mstroke-linejoin[39m=[32m"round"[39m
                [33mstroke-width[39m=[32m"2"[39m
                [33mviewBox[39m=[32m"0 0 24 24"[39m
                [33mwidth[39m=[32m"16"[39m
                [33mxmlns[39m=[32m"http://www.w3.org/2000/svg"[39m
              [36m>[39m
                [36m<rect[39m
                  [33mheight[39m=[32m"5"[39m
                  [33mrx[39m=[32m"1"[39m
                  [33mwidth[39m=[32m"20"[39m
                  [33mx[39m=[32m"2"[39m
                  [33my[39m=[32m"3"[39m
                [36m/>[39m
                [36m<path[39m
                  [33md[39m=[32m"M4 8v11a2 2 0 0 0 2 2h12a2 2 0 0 0 2-2V8"[39m
                [36m/>[39m
                [36m<path[39m
                  [33md[39m=[32m"M10 12h4"[39m
                [36m/>[39m
              [36m</svg>[39m
              [0mHist├│rico[0m
            [36m</button>[39m
          [36m</div>[39m
        [36m</div>[39m
        [36m<div[39m
          [33mclass[39m=[32m"flex justify-center p-10"[39m
        [36m>[39m
          [36m<svg[39m
            [33maria-hidden[39m=[32m"true"[39m
            [33mclass[39m=[32m"lucide lucide-loader-circle animate-spin text-[#4a5937]"[39m
            [33mfill[39m=[32m"none"[39m
            [33mheight[39m=[32m"40"[39m
            [33mstroke[39m=[32m"currentColor"[39m
            [33mstroke-linecap[39m=[32m"round"[39m
            [33mstroke-linejoin[39m=[32m"round"[39m
            [33mstroke-width[39m=[32m"2"[39m
            [33mviewBox[39m=[32m"0 0 24 24"[39m
            [33mwidth[39m=[32m"40"[39m
            [33mxmlns[39m=[32m"http://www.w3.org/2000/svg"[39m
          [36m>[39m
            [36m<path[39m
              [33md[39m=[32m"M21 12a9 9 0 1 1-6.219-8.56"[39m
            [36m/>[39m
          [36m</svg>[39m
        [36m</div>[39m
      [36m</main>[39m
    [36m</div>[39m
  [36m</body>[39m
[36m</html>[39m
[90m [2mÔØ»[22m Proxy.waitForWrapper node_modules/@testing-library/dom/dist/wait-for.js:[2m163:27[22m[39m
[36m [2mÔØ»[22m components/ClassificadosView.test.tsx:[2m151:11[22m[39m
    [90m149|[39m     [34mrender[39m([33m<[39m[33mClassificadosView[39m 
[33mperfil[39m[33m=[39m[33m{[39mperfil[33m}[39m [33m/[39m[33m>[39m)[33m;[39m
    [90m150|[39m
    [90m151|[39m     [35mawait[39m [34mwaitFor[39m(() [33m=>[39m {
    [90m   |[39m           [31m^[39m
    [90m152|[39m       [34mexpect[39m(screen[33m.[39m[34mgetByText[39m([32m'Bicicleta Aro 
29'[39m))[33m.[39m[34mtoBeInTheDocument[39m()[33m;[39m
    [90m153|[39m       [34mexpect[39m(screen[33m.[39m[34mgetByText[39m([32m'Sof├í 3 
lugares'[39m))[33m.[39m[34mtoBeInTheDocument[39m()[33m;[39m

[31m[2mÔÄ»ÔÄ»ÔÄ»ÔÄ»ÔÄ»ÔÄ»ÔÄ»ÔÄ»ÔÄ»ÔÄ»ÔÄ»ÔÄ»ÔÄ»ÔÄ»ÔÄ»ÔÄ»ÔÄ»ÔÄ»ÔÄ»ÔÄ»ÔÄ»ÔÄ»ÔÄ»ÔÄ»[3/3]ÔÄ»[22m[39m

[31mÔÄ»ÔÄ»ÔÄ»ÔÄ»ÔÄ»ÔÄ»[39m[1m[41m Unhandled Errors [49m[22m[31mÔÄ»ÔÄ»ÔÄ»ÔÄ»ÔÄ»ÔÄ»[39m
[31m[1m
Vitest caught 6 unhandled errors during the test run.
This might cause false positive tests. Resolve unhandled errors to make sure your tests are not affected.[22m[39m

[31mÔÄ»ÔÄ»ÔÄ»ÔÄ»[39m[1m[41m Unhandled Rejection [49m[22m[31mÔÄ»ÔÄ»ÔÄ»ÔÄ»ÔÄ»[39m
[31m[1mTypeError[22m: supabase.from(...).select(...).neq is not a function[39m
[36m [2mÔØ»[22m fetchAnuncios components/ClassificadosView.tsx:[2m36:8[22m[39m
    [90m 34|[39m       [33m.[39m[35mfrom[39m([32m'classificados'[39m)
    [90m 35|[39m       [33m.[39m[34mselect[39m([32m'*'[39m)
    [90m 36|[39m       .neq('status', 'inativo') // Esconde inativos/excluidos da vitriÔÇª
    [90m   |[39m        [31m^[39m
    [90m 37|[39m       [33m.[39m[34morder[39m([32m'created_at'[39m[33m,[39m { ascending[33m:[39m 
[35mfalse[39m })[33m;[39m
    [90m 38|[39m
[90m [2mÔØ»[22m components/ClassificadosView.tsx:[2m73:5[22m[39m
[90m [2mÔØ»[22m Object.react_stack_bottom_frame 
node_modules/react-dom/cjs/react-dom-client.development.js:[2m25989:20[22m[39m
[90m [2mÔØ»[22m runWithFiberInDEV node_modules/react-dom/cjs/react-dom-client.development.js:[2m874:13[22m[39m
[90m [2mÔØ»[22m commitHookEffectListMount 
node_modules/react-dom/cjs/react-dom-client.development.js:[2m13249:29[22m[39m
[90m [2mÔØ»[22m commitHookPassiveMountEffects 
node_modules/react-dom/cjs/react-dom-client.development.js:[2m13336:11[22m[39m
[90m [2mÔØ»[22m commitPassiveMountOnFiber 
node_modules/react-dom/cjs/react-dom-client.development.js:[2m15484:13[22m[39m
[90m [2mÔØ»[22m recursivelyTraversePassiveMountEffects 
node_modules/react-dom/cjs/react-dom-client.development.js:[2m15439:11[22m[39m
[90m [2mÔØ»[22m commitPassiveMountOnFiber 
node_modules/react-dom/cjs/react-dom-client.development.js:[2m15519:11[22m[39m
[90m [2mÔØ»[22m flushPassiveEffects node_modules/react-dom/cjs/react-dom-client.development.js:[2m18432:9[22m[39m

[31mThis error originated in "[1mcomponents/ClassificadosView.test.tsx[22m" test file. It doesn't mean the error 
was thrown inside the file itself, but while it was running.[39m
[31mThe latest test that might've caused the error is "[1mlista an├║ncios carregados da vitrine[22m". It might mean 
one of the following:
- The error was thrown, while Vitest was running this test.
- If the error occurred after the test had been completed, this was the last documented test before it was thrown.[39m

[31mÔÄ»ÔÄ»ÔÄ»ÔÄ»[39m[1m[41m Unhandled Rejection [49m[22m[31mÔÄ»ÔÄ»ÔÄ»ÔÄ»ÔÄ»[39m
[31m[1mTypeError[22m: supabase.from(...).select(...).eq is not a function[39m
[36m [2mÔØ»[22m fetchMeusInativos components/ClassificadosView.tsx:[2m49:8[22m[39m
    [90m 47|[39m       [33m.[39m[35mfrom[39m([32m'classificados'[39m)
    [90m 48|[39m       [33m.[39m[34mselect[39m([32m'*'[39m)
    [90m 49|[39m       [33m.[39m[34meq[39m([32m'vendedor_id'[39m[33m,[39m perfil[33m.[39mid)
    [90m   |[39m        [31m^[39m
    [90m 50|[39m       [33m.[39m[34meq[39m([32m'status'[39m[33m,[39m [32m'inativo'[39m)
    [90m 51|[39m       [33m.[39m[34morder[39m([32m'created_at'[39m[33m,[39m { ascending[33m:[39m 
[35mfalse[39m })[33m;[39m
[90m [2mÔØ»[22m components/ClassificadosView.tsx:[2m75:5[22m[39m
[90m [2mÔØ»[22m Object.react_stack_bottom_frame 
node_modules/react-dom/cjs/react-dom-client.development.js:[2m25989:20[22m[39m
[90m [2mÔØ»[22m runWithFiberInDEV node_modules/react-dom/cjs/react-dom-client.development.js:[2m874:13[22m[39m
[90m [2mÔØ»[22m commitHookEffectListMount 
node_modules/react-dom/cjs/react-dom-client.development.js:[2m13249:29[22m[39m
[90m [2mÔØ»[22m commitHookPassiveMountEffects 
node_modules/react-dom/cjs/react-dom-client.development.js:[2m13336:11[22m[39m
[90m [2mÔØ»[22m commitPassiveMountOnFiber 
node_modules/react-dom/cjs/react-dom-client.development.js:[2m15484:13[22m[39m
[90m [2mÔØ»[22m recursivelyTraversePassiveMountEffects 
node_modules/react-dom/cjs/react-dom-client.development.js:[2m15439:11[22m[39m
[90m [2mÔØ»[22m commitPassiveMountOnFiber 
node_modules/react-dom/cjs/react-dom-client.development.js:[2m15519:11[22m[39m
[90m [2mÔØ»[22m flushPassiveEffects node_modules/react-dom/cjs/react-dom-client.development.js:[2m18432:9[22m[39m

[31mThis error originated in "[1mcomponents/ClassificadosView.test.tsx[22m" test file. It doesn't mean the error 
was thrown inside the file itself, but while it was running.[39m
[31mThe latest test that might've caused the error is "[1mlista an├║ncios carregados da vitrine[22m". It might mean 
one of the following:
- The error was thrown, while Vitest was running this test.
- If the error occurred after the test had been completed, this was the last documented test before it was thrown.[39m

[31mÔÄ»ÔÄ»ÔÄ»ÔÄ»[39m[1m[41m Unhandled Rejection [49m[22m[31mÔÄ»ÔÄ»ÔÄ»ÔÄ»ÔÄ»[39m
[31m[1mTypeError[22m: supabase.from(...).select(...).neq is not a function[39m
[36m [2mÔØ»[22m fetchAnuncios components/ClassificadosView.tsx:[2m36:8[22m[39m
    [90m 34|[39m       [33m.[39m[35mfrom[39m([32m'classificados'[39m)
    [90m 35|[39m       [33m.[39m[34mselect[39m([32m'*'[39m)
    [90m 36|[39m       .neq('status', 'inativo') // Esconde inativos/excluidos da vitriÔÇª
    [90m   |[39m        [31m^[39m
    [90m 37|[39m       [33m.[39m[34morder[39m([32m'created_at'[39m[33m,[39m { ascending[33m:[39m 
[35mfalse[39m })[33m;[39m
    [90m 38|[39m
[90m [2mÔØ»[22m components/ClassificadosView.tsx:[2m73:5[22m[39m
[90m [2mÔØ»[22m Object.react_stack_bottom_frame 
node_modules/react-dom/cjs/react-dom-client.development.js:[2m25989:20[22m[39m
[90m [2mÔØ»[22m runWithFiberInDEV node_modules/react-dom/cjs/react-dom-client.development.js:[2m874:13[22m[39m
[90m [2mÔØ»[22m commitHookEffectListMount 
node_modules/react-dom/cjs/react-dom-client.development.js:[2m13249:29[22m[39m
[90m [2mÔØ»[22m commitHookPassiveMountEffects 
node_modules/react-dom/cjs/react-dom-client.development.js:[2m13336:11[22m[39m
[90m [2mÔØ»[22m commitPassiveMountOnFiber 
node_modules/react-dom/cjs/react-dom-client.development.js:[2m15484:13[22m[39m
[90m [2mÔØ»[22m recursivelyTraversePassiveMountEffects 
node_modules/react-dom/cjs/react-dom-client.development.js:[2m15439:11[22m[39m
[90m [2mÔØ»[22m commitPassiveMountOnFiber 
node_modules/react-dom/cjs/react-dom-client.development.js:[2m15519:11[22m[39m
[90m [2mÔØ»[22m flushPassiveEffects node_modules/react-dom/cjs/react-dom-client.development.js:[2m18432:9[22m[39m

[31mThis error originated in "[1mcomponents/ClassificadosView.test.tsx[22m" test file. It doesn't mean the error 
was thrown inside the file itself, but while it was running.[39m
[31mThe latest test that might've caused the error is "[1maplica filtros por texto e faixa de pre├ºo[22m". It might 
mean one of the following:
- The error was thrown, while Vitest was running this test.
- If the error occurred after the test had been completed, this was the last documented test before it was thrown.[39m

[31mÔÄ»ÔÄ»ÔÄ»ÔÄ»[39m[1m[41m Unhandled Rejection [49m[22m[31mÔÄ»ÔÄ»ÔÄ»ÔÄ»ÔÄ»[39m
[31m[1mTypeError[22m: supabase.from(...).select(...).eq is not a function[39m
[36m [2mÔØ»[22m fetchMeusInativos components/ClassificadosView.tsx:[2m49:8[22m[39m
    [90m 47|[39m       [33m.[39m[35mfrom[39m([32m'classificados'[39m)
    [90m 48|[39m       [33m.[39m[34mselect[39m([32m'*'[39m)
    [90m 49|[39m       [33m.[39m[34meq[39m([32m'vendedor_id'[39m[33m,[39m perfil[33m.[39mid)
    [90m   |[39m        [31m^[39m
    [90m 50|[39m       [33m.[39m[34meq[39m([32m'status'[39m[33m,[39m [32m'inativo'[39m)
    [90m 51|[39m       [33m.[39m[34morder[39m([32m'created_at'[39m[33m,[39m { ascending[33m:[39m 
[35mfalse[39m })[33m;[39m
[90m [2mÔØ»[22m components/ClassificadosView.tsx:[2m75:5[22m[39m
[90m [2mÔØ»[22m Object.react_stack_bottom_frame 
node_modules/react-dom/cjs/react-dom-client.development.js:[2m25989:20[22m[39m
[90m [2mÔØ»[22m runWithFiberInDEV node_modules/react-dom/cjs/react-dom-client.development.js:[2m874:13[22m[39m
[90m [2mÔØ»[22m commitHookEffectListMount 
node_modules/react-dom/cjs/react-dom-client.development.js:[2m13249:29[22m[39m
[90m [2mÔØ»[22m commitHookPassiveMountEffects 
node_modules/react-dom/cjs/react-dom-client.development.js:[2m13336:11[22m[39m
[90m [2mÔØ»[22m commitPassiveMountOnFiber 
node_modules/react-dom/cjs/react-dom-client.development.js:[2m15484:13[22m[39m
[90m [2mÔØ»[22m recursivelyTraversePassiveMountEffects 
node_modules/react-dom/cjs/react-dom-client.development.js:[2m15439:11[22m[39m
[90m [2mÔØ»[22m commitPassiveMountOnFiber 
node_modules/react-dom/cjs/react-dom-client.development.js:[2m15519:11[22m[39m
[90m [2mÔØ»[22m flushPassiveEffects node_modules/react-dom/cjs/react-dom-client.development.js:[2m18432:9[22m[39m


[2m Test Files [22m [1m[31m1 failed[39m[22m[90m (1)[39m
[2m      Tests [22m [1m[31m3 failed[39m[22m[90m (3)[39m
[2m     Errors [22m [1m[31m6 errors[39m[22m
[2m   Start at [22m 18:57:46
[2m   Duration [22m 4.45s[2m (transform 162ms, setup 177ms, import 424ms, tests 2.27s, environment 1.31s)[22m

[31mThis error originated in "[1mcomponents/ClassificadosView.test.tsx[22m" test file. It doesn't mean the error 
was thrown inside the file itself, but while it was running.[39m
[31mThe latest test that might've caused the error is "[1maplica filtros por texto e faixa de pre├ºo[22m". It might 
mean one of the following:
- The error was thrown, while Vitest was running this test.
- If the error occurred after the test had been completed, this was the last documented test before it was thrown.[39m

[31mÔÄ»ÔÄ»ÔÄ»ÔÄ»[39m[1m[41m Unhandled Rejection [49m[22m[31mÔÄ»ÔÄ»ÔÄ»ÔÄ»ÔÄ»[39m
[31m[1mTypeError[22m: supabase.from(...).select(...).neq is not a function[39m
[36m [2mÔØ»[22m fetchAnuncios components/ClassificadosView.tsx:[2m36:8[22m[39m
    [90m 34|[39m       [33m.[39m[35mfrom[39m([32m'classificados'[39m)
    [90m 35|[39m       [33m.[39m[34mselect[39m([32m'*'[39m)
    [90m 36|[39m       .neq('status', 'inativo') // Esconde inativos/excluidos da vitriÔÇª
    [90m   |[39m        [31m^[39m
    [90m 37|[39m       [33m.[39m[34morder[39m([32m'created_at'[39m[33m,[39m { ascending[33m:[39m 
[35mfalse[39m })[33m;[39m
    [90m 38|[39m
[90m [2mÔØ»[22m components/ClassificadosView.tsx:[2m73:5[22m[39m
[90m [2mÔØ»[22m Object.react_stack_bottom_frame 
node_modules/react-dom/cjs/react-dom-client.development.js:[2m25989:20[22m[39m
[90m [2mÔØ»[22m runWithFiberInDEV node_modules/react-dom/cjs/react-dom-client.development.js:[2m874:13[22m[39m
[90m [2mÔØ»[22m commitHookEffectListMount 
node_modules/react-dom/cjs/react-dom-client.development.js:[2m13249:29[22m[39m
[90m [2mÔØ»[22m commitHookPassiveMountEffects 
node_modules/react-dom/cjs/react-dom-client.development.js:[2m13336:11[22m[39m
[90m [2mÔØ»[22m commitPassiveMountOnFiber 
node_modules/react-dom/cjs/react-dom-client.development.js:[2m15484:13[22m[39m
[90m [2mÔØ»[22m recursivelyTraversePassiveMountEffects 
node_modules/react-dom/cjs/react-dom-client.development.js:[2m15439:11[22m[39m
[90m [2mÔØ»[22m commitPassiveMountOnFiber 
node_modules/react-dom/cjs/react-dom-client.development.js:[2m15519:11[22m[39m
[90m [2mÔØ»[22m flushPassiveEffects node_modules/react-dom/cjs/react-dom-client.development.js:[2m18432:9[22m[39m

[31mThis error originated in "[1mcomponents/ClassificadosView.test.tsx[22m" test file. It doesn't mean the error 
was thrown inside the file itself, but while it was running.[39m
[31mThe latest test that might've caused the error is "[1maplica filtros por texto e faixa de pre├ºo[22m". It might 
mean one of the following:
- The error was thrown, while Vitest was running this test.
- If the error occurred after the test had been completed, this was the last documented test before it was thrown.[39m

[31mÔÄ»ÔÄ»ÔÄ»ÔÄ»[39m[1m[41m Unhandled Rejection [49m[22m[31mÔÄ»ÔÄ»ÔÄ»ÔÄ»ÔÄ»[39m
[31m[1mTypeError[22m: supabase.from(...).select(...).eq is not a function[39m
[36m [2mÔØ»[22m fetchMeusInativos components/ClassificadosView.tsx:[2m49:8[22m[39m
    [90m 47|[39m       [33m.[39m[35mfrom[39m([32m'classificados'[39m)
    [90m 48|[39m       [33m.[39m[34mselect[39m([32m'*'[39m)
    [90m 49|[39m       [33m.[39m[34meq[39m([32m'vendedor_id'[39m[33m,[39m perfil[33m.[39mid)
    [90m   |[39m        [31m^[39m
    [90m 50|[39m       [33m.[39m[34meq[39m([32m'status'[39m[33m,[39m [32m'inativo'[39m)
    [90m 51|[39m       [33m.[39m[34morder[39m([32m'created_at'[39m[33m,[39m { ascending[33m:[39m 
[35mfalse[39m })[33m;[39m
[90m [2mÔØ»[22m components/ClassificadosView.tsx:[2m75:5[22m[39m
[90m [2mÔØ»[22m Object.react_stack_bottom_frame 
node_modules/react-dom/cjs/react-dom-client.development.js:[2m25989:20[22m[39m
[90m [2mÔØ»[22m runWithFiberInDEV node_modules/react-dom/cjs/react-dom-client.development.js:[2m874:13[22m[39m
[90m [2mÔØ»[22m commitHookEffectListMount 
node_modules/react-dom/cjs/react-dom-client.development.js:[2m13249:29[22m[39m
[90m [2mÔØ»[22m commitHookPassiveMountEffects 
node_modules/react-dom/cjs/react-dom-client.development.js:[2m13336:11[22m[39m
[90m [2mÔØ»[22m commitPassiveMountOnFiber 
node_modules/react-dom/cjs/react-dom-client.development.js:[2m15484:13[22m[39m
[90m [2mÔØ»[22m recursivelyTraversePassiveMountEffects 
node_modules/react-dom/cjs/react-dom-client.development.js:[2m15439:11[22m[39m
[90m [2mÔØ»[22m commitPassiveMountOnFiber 
node_modules/react-dom/cjs/react-dom-client.development.js:[2m15519:11[22m[39m
[90m [2mÔØ»[22m flushPassiveEffects node_modules/react-dom/cjs/react-dom-client.development.js:[2m18432:9[22m[39m

[31mThis error originated in "[1mcomponents/ClassificadosView.test.tsx[22m" test file. It doesn't mean the error 
was thrown inside the file itself, but while it was running.[39m
[31mThe latest test that might've caused the error is "[1maplica filtros por texto e faixa de pre├ºo[22m". It might 
mean one of the following:
- The error was thrown, while Vitest was running this test.
- If the error occurred after the test had been completed, this was the last documented test before it was thrown.[39m
[31mÔÄ»ÔÄ»ÔÄ»ÔÄ»ÔÄ»ÔÄ»ÔÄ»ÔÄ»ÔÄ»ÔÄ»ÔÄ»ÔÄ»ÔÄ»ÔÄ»ÔÄ»ÔÄ»ÔÄ»ÔÄ»ÔÄ»ÔÄ»ÔÄ»ÔÄ»ÔÄ»ÔÄ»ÔÄ»ÔÄ»ÔÄ»ÔÄ»ÔÄ»ÔÄ»[39m

