
[1m[30m[46m RUN [49m[39m[22m [36mv4.1.4 [39m[90mC:/GITHUB/parque-dos-eucaliptos - Copia[39m

[90mstdout[2m | components/ClassificadosView.test.tsx
[22m[39mÔùç injected env (5) from .env.test // tip: Ôîÿ enable debugging { debug: true }

 [31mÔØ»[39m components/ClassificadosView.test.tsx [2m([22m[2m3 tests[22m[2m | [22m[31m3 failed[39m[2m)[22m[33m 2248[2mms[22m[39m
[31m     [31m├ù[31m lista an├║ncios carregados da vitrine[39m[33m 1045[2mms[22m[39m
[31m     [31m├ù[31m permite criar um novo an├║ncio[39m[32m 186[2mms[22m[39m
[31m     [31m├ù[31m aplica filtros por texto e faixa de pre├ºo[39m[33m 1014[2mms[22m[39m

[2m Test Files [22m [1m[31m1 failed[39m[22m[90m (1)[39m
[2m      Tests [22m [1m[31m3 failed[39m[22m[90m (3)[39m
[2m     Errors [22m [1m[31m6 errors[39m[22m
[2m   Start at [22m 18:58:08
[2m   Duration [22m 4.21s[2m (transform 145ms, setup 165ms, import 398ms, tests 2.25s, environment 1.14s)[22m

